// Jest Snapshot v1, https://goo.gl/fbAQLP

exports[`Input renders correctly 1`] = `
<View
  style={
    {
      "alignItems": "center",
      "borderColor": "#595959",
      "borderRadius": 5,
      "borderWidth": 1,
      "flexDirection": "row",
      "justifyContent": "space-between",
      "paddingHorizontal": 10,
      "width": "100%",
    }
  }
>
  <TextInput
    style={
      {
        "flex": 1,
        "height": 40,
      }
    }
    testID="input"
  />
  <View
    accessibilityState={
      {
        "busy": undefined,
        "checked": undefined,
        "disabled": undefined,
        "expanded": undefined,
        "selected": undefined,
      }
    }
    accessibilityValue={
      {
        "max": undefined,
        "min": undefined,
        "now": undefined,
        "text": undefined,
      }
    }
    accessible={true}
    collapsable={false}
    focusable={false}
    onClick={[Function]}
    onResponderGrant={[Function]}
    onResponderMove={[Function]}
    onResponderRelease={[Function]}
    onResponderTerminate={[Function]}
    onResponderTerminationRequest={[Function]}
    onStartShouldSetResponder={[Function]}
    style={
      {
        "opacity": 1,
      }
    }
    testID="search-button"
  >
    <RNSVGSvgView
      align="xMidYMid"
      bbHeight="24"
      bbWidth="24"
      fill="#01B4A4"
      focusable={false}
      height="24"
      meetOrSlice={0}
      minX={0}
      minY={-960}
      style={
        [
          {
            "backgroundColor": "transparent",
            "borderWidth": 0,
          },
          {
            "flex": 0,
            "height": 24,
            "width": 24,
          },
        ]
      }
      vbHeight={960}
      vbWidth={960}
      width="24"
    >
      <RNSVGGroup
        fill={
          {
            "payload": 4278301860,
            "type": 0,
          }
        }
        propList={
          [
            "fill",
          ]
        }
      >
        <RNSVGPath
          d="M784-120L532-372q-30 24-69 38t-83 14q-109 0-184.5-75.5T120-580q0-109 75.5-184.5T380-840q109 0 184.5 75.5T640-580q0 44-14 83t-38 69l252 252-56 56zM380-400q75 0 127.5-52.5T560-580q0-75-52.5-127.5T380-760q-75 0-127.5 52.5T200-580q0 75 52.5 127.5T380-400z"
          fill={
            {
              "payload": 4278190080,
              "type": 0,
            }
          }
        />
      </RNSVGGroup>
    </RNSVGSvgView>
  </View>
</View>
`;
