// Jest Snapshot v1, https://goo.gl/fbAQLP

exports[`Button renders correctly 1`] = `
<View
  accessibilityState={
    {
      "busy": undefined,
      "checked": undefined,
      "disabled": false,
      "expanded": undefined,
      "selected": undefined,
    }
  }
  accessibilityValue={
    {
      "max": undefined,
      "min": undefined,
      "now": undefined,
      "text": undefined,
    }
  }
  accessible={true}
  collapsable={false}
  focusable={false}
  onClick={[Function]}
  onResponderGrant={[Function]}
  onResponderMove={[Function]}
  onResponderRelease={[Function]}
  onResponderTerminate={[Function]}
  onResponderTerminationRequest={[Function]}
  onStartShouldSetResponder={[Function]}
  style={
    {
      "alignItems": "center",
      "backgroundColor": "#01B4A4",
      "borderRadius": 12,
      "justifyContent": "space-between",
      "opacity": 1,
      "padding": 8,
      "width": "100%",
    }
  }
>
  <Text
    style={
      [
        {
          "color": "#FFFFFF",
          "fontSize": 18,
          "fontWeight": "bold",
          "padding": 8,
        },
        undefined,
      ]
    }
  >
    Snapshot test!
  </Text>
</View>
`;
