// Jest Snapshot v1, https://goo.gl/fbAQLP

exports[`HorizontalSpacer renders correctly 1`] = `
<View
  style={
    {
      "width": 10,
    }
  }
/>
`;
