// Jest Snapshot v1, https://goo.gl/fbAQLP

exports[`Text renders correctly 1`] = `
<Text
  style={
    [
      {
        "color": "#121212",
        "fontSize": 24,
        "fontWeight": "bold",
      },
      undefined,
    ]
  }
>
  Snapshot test!
</Text>
`;
