// Jest Snapshot v1, https://goo.gl/fbAQLP

exports[`Button renders correctly 1`] = `
<View
  style={
    {
      "backgroundColor": "#01B4A4",
      "flexDirection": "row",
      "paddingHorizontal": 12,
      "paddingVertical": 16,
      "width": "100%",
    }
  }
>
  <View
    accessibilityState={
      {
        "busy": undefined,
        "checked": undefined,
        "disabled": undefined,
        "expanded": undefined,
        "selected": undefined,
      }
    }
    accessibilityValue={
      {
        "max": undefined,
        "min": undefined,
        "now": undefined,
        "text": undefined,
      }
    }
    accessible={true}
    collapsable={false}
    focusable={true}
    onClick={[Function]}
    onResponderGrant={[Function]}
    onResponderMove={[Function]}
    onResponderRelease={[Function]}
    onResponderTerminate={[Function]}
    onResponderTerminationRequest={[Function]}
    onStartShouldSetResponder={[Function]}
    style={
      {
        "opacity": 1,
        "width": 24,
      }
    }
    testID="back-button"
  >
    <RNSVGSvgView
      align="xMidYMid"
      bbHeight="24"
      bbWidth="24"
      fill="#FFFFFF"
      focusable={false}
      height="24"
      meetOrSlice={0}
      minX={0}
      minY={-960}
      style={
        [
          {
            "backgroundColor": "transparent",
            "borderWidth": 0,
          },
          {
            "flex": 0,
            "height": 24,
            "width": 24,
          },
        ]
      }
      vbHeight={960}
      vbWidth={960}
      width="24"
    >
      <RNSVGGroup
        fill={
          {
            "payload": 4294967295,
            "type": 0,
          }
        }
        propList={
          [
            "fill",
          ]
        }
      >
        <RNSVGPath
          d="M359-242L120-481l239-239 43 43-166 166h604v60H236l166 166-43 43z"
          fill={
            {
              "payload": 4278190080,
              "type": 0,
            }
          }
        />
      </RNSVGGroup>
    </RNSVGSvgView>
  </View>
  <View
    style={
      {
        "width": 12,
      }
    }
  />
  <Text
    style={
      [
        {
          "color": "#FFFFFF",
          "fontSize": 18,
          "fontWeight": "bold",
        },
        {
          "flex": 1,
          "textAlign": "center",
        },
      ]
    }
  >
    Snapshot test!
  </Text>
  <View
    style={
      {
        "width": 12,
      }
    }
  />
  <View
    accessibilityState={
      {
        "busy": undefined,
        "checked": undefined,
        "disabled": undefined,
        "expanded": undefined,
        "selected": undefined,
      }
    }
    accessibilityValue={
      {
        "max": undefined,
        "min": undefined,
        "now": undefined,
        "text": undefined,
      }
    }
    accessible={true}
    collapsable={false}
    focusable={true}
    onClick={[Function]}
    onResponderGrant={[Function]}
    onResponderMove={[Function]}
    onResponderRelease={[Function]}
    onResponderTerminate={[Function]}
    onResponderTerminationRequest={[Function]}
    onStartShouldSetResponder={[Function]}
    style={
      {
        "opacity": 1,
        "width": 24,
      }
    }
    testID="right-buton-icon"
  />
</View>
`;
